Analysis & Synthesis report for hw
Sun Apr 15 16:27:13 2018
Quartus II Version 9.1 Build 350 03/24/2010 Service Pack 2 SJ Web Edition


---------------------
; Table of Contents ;
---------------------
  1. Legal Notice
  2. Analysis & Synthesis Summary
  3. Analysis & Synthesis Settings
  4. Parallel Compilation
  5. Analysis & Synthesis Source Files Read
  6. Analysis & Synthesis Resource Usage Summary
  7. Analysis & Synthesis Resource Utilization by Entity
  8. Analysis & Synthesis RAM Summary
  9. State Machine - |CPU|Control:control|st
 10. Registers Removed During Synthesis
 11. General Register Statistics
 12. Multiplexer Restructuring Statistics (Restructuring Performed)
 13. Source assignments for Memoria:MEM|LPM_RAM_DQ:MEM|altram:sram|altsyncram:ram_block|altsyncram_e1a1:auto_generated
 14. Source assignments for Memoria:MEM|LPM_RAM_DQ:MEM_plus_One|altram:sram|altsyncram:ram_block|altsyncram_e1a1:auto_generated
 15. Source assignments for Memoria:MEM|LPM_RAM_DQ:MEM_plus_Two|altram:sram|altsyncram:ram_block|altsyncram_e1a1:auto_generated
 16. Source assignments for Memoria:MEM|LPM_RAM_DQ:MEM_plus_Three|altram:sram|altsyncram:ram_block|altsyncram_e1a1:auto_generated
 17. Parameter Settings for User Entity Instance: Control:control
 18. Parameter Settings for User Entity Instance: Memoria:MEM|LPM_RAM_DQ:MEM
 19. Parameter Settings for User Entity Instance: Memoria:MEM|LPM_RAM_DQ:MEM_plus_One
 20. Parameter Settings for User Entity Instance: Memoria:MEM|LPM_RAM_DQ:MEM_plus_Two
 21. Parameter Settings for User Entity Instance: Memoria:MEM|LPM_RAM_DQ:MEM_plus_Three
 22. Port Connectivity Checks: "Ula32:ALU"
 23. Port Connectivity Checks: "Banco_reg:BRE"
 24. Port Connectivity Checks: "Memoria:MEM"
 25. Port Connectivity Checks: "PCSourceMux:pcmux"
 26. Port Connectivity Checks: "AluBMux:rbmux"
 27. Port Connectivity Checks: "RegDstMux:rdmux"
 28. Analysis & Synthesis Messages
 29. Analysis & Synthesis Suppressed Messages



----------------
; Legal Notice ;
----------------
Copyright (C) 1991-2010 Altera Corporation
Your use of Altera Corporation's design tools, logic functions 
and other software and tools, and its AMPP partner logic 
functions, and any output files from any of the foregoing 
(including device programming or simulation files), and any 
associated documentation or information are expressly subject 
to the terms and conditions of the Altera Program License 
Subscription Agreement, Altera MegaCore Function License 
Agreement, or other applicable license agreement, including, 
without limitation, that your use is for the sole purpose of 
programming logic devices manufactured by Altera and sold by 
Altera or its authorized distributors.  Please refer to the 
applicable agreement for further details.



+-----------------------------------------------------------------------------------+
; Analysis & Synthesis Summary                                                      ;
+------------------------------------+----------------------------------------------+
; Analysis & Synthesis Status        ; Successful - Sun Apr 15 16:27:13 2018        ;
; Quartus II Version                 ; 9.1 Build 350 03/24/2010 SP 2 SJ Web Edition ;
; Revision Name                      ; hw                                           ;
; Top-level Entity Name              ; CPU                                          ;
; Family                             ; Cyclone II                                   ;
; Total logic elements               ; 2,807                                        ;
;     Total combinational functions  ; 1,708                                        ;
;     Dedicated logic registers      ; 1,251                                        ;
; Total registers                    ; 1251                                         ;
; Total pins                         ; 537                                          ;
; Total virtual pins                 ; 0                                            ;
; Total memory bits                  ; 8,192                                        ;
; Embedded Multiplier 9-bit elements ; 0                                            ;
; Total PLLs                         ; 0                                            ;
+------------------------------------+----------------------------------------------+


+----------------------------------------------------------------------------------------------------------------------+
; Analysis & Synthesis Settings                                                                                        ;
+----------------------------------------------------------------------------+--------------------+--------------------+
; Option                                                                     ; Setting            ; Default Value      ;
+----------------------------------------------------------------------------+--------------------+--------------------+
; Device                                                                     ; EP2C70F896C7       ;                    ;
; Top-level entity name                                                      ; CPU                ; hw                 ;
; Family name                                                                ; Cyclone II         ; Stratix II         ;
; Use Generated Physical Constraints File                                    ; Off                ;                    ;
; Use smart compilation                                                      ; Off                ; Off                ;
; Enable parallel Assembler and TimeQuest Timing Analyzer during compilation ; On                 ; On                 ;
; Enable compact report table                                                ; Off                ; Off                ;
; Restructure Multiplexers                                                   ; Auto               ; Auto               ;
; Create Debugging Nodes for IP Cores                                        ; Off                ; Off                ;
; Preserve fewer node names                                                  ; On                 ; On                 ;
; Disable OpenCore Plus hardware evaluation                                  ; Off                ; Off                ;
; Verilog Version                                                            ; Verilog_2001       ; Verilog_2001       ;
; VHDL Version                                                               ; VHDL_1993          ; VHDL_1993          ;
; State Machine Processing                                                   ; Auto               ; Auto               ;
; Safe State Machine                                                         ; Off                ; Off                ;
; Extract Verilog State Machines                                             ; On                 ; On                 ;
; Extract VHDL State Machines                                                ; On                 ; On                 ;
; Ignore Verilog initial constructs                                          ; Off                ; Off                ;
; Iteration limit for constant Verilog loops                                 ; 5000               ; 5000               ;
; Iteration limit for non-constant Verilog loops                             ; 250                ; 250                ;
; Add Pass-Through Logic to Inferred RAMs                                    ; On                 ; On                 ;
; Parallel Synthesis                                                         ; On                 ; On                 ;
; DSP Block Balancing                                                        ; Auto               ; Auto               ;
; NOT Gate Push-Back                                                         ; On                 ; On                 ;
; Power-Up Don't Care                                                        ; On                 ; On                 ;
; Remove Redundant Logic Cells                                               ; Off                ; Off                ;
; Remove Duplicate Registers                                                 ; On                 ; On                 ;
; Ignore CARRY Buffers                                                       ; Off                ; Off                ;
; Ignore CASCADE Buffers                                                     ; Off                ; Off                ;
; Ignore GLOBAL Buffers                                                      ; Off                ; Off                ;
; Ignore ROW GLOBAL Buffers                                                  ; Off                ; Off                ;
; Ignore LCELL Buffers                                                       ; Off                ; Off                ;
; Ignore SOFT Buffers                                                        ; On                 ; On                 ;
; Limit AHDL Integers to 32 Bits                                             ; Off                ; Off                ;
; Optimization Technique                                                     ; Balanced           ; Balanced           ;
; Carry Chain Length                                                         ; 70                 ; 70                 ;
; Auto Carry Chains                                                          ; On                 ; On                 ;
; Auto Open-Drain Pins                                                       ; On                 ; On                 ;
; Perform WYSIWYG Primitive Resynthesis                                      ; Off                ; Off                ;
; Auto ROM Replacement                                                       ; On                 ; On                 ;
; Auto RAM Replacement                                                       ; On                 ; On                 ;
; Auto Shift Register Replacement                                            ; Auto               ; Auto               ;
; Auto Clock Enable Replacement                                              ; On                 ; On                 ;
; Strict RAM Replacement                                                     ; Off                ; Off                ;
; Allow Synchronous Control Signals                                          ; On                 ; On                 ;
; Force Use of Synchronous Clear Signals                                     ; Off                ; Off                ;
; Auto RAM to Logic Cell Conversion                                          ; Off                ; Off                ;
; Auto Resource Sharing                                                      ; Off                ; Off                ;
; Allow Any RAM Size For Recognition                                         ; Off                ; Off                ;
; Allow Any ROM Size For Recognition                                         ; Off                ; Off                ;
; Allow Any Shift Register Size For Recognition                              ; Off                ; Off                ;
; Use LogicLock Constraints during Resource Balancing                        ; On                 ; On                 ;
; Ignore translate_off and synthesis_off directives                          ; Off                ; Off                ;
; Timing-Driven Synthesis                                                    ; Off                ; Off                ;
; Show Parameter Settings Tables in Synthesis Report                         ; On                 ; On                 ;
; Ignore Maximum Fan-Out Assignments                                         ; Off                ; Off                ;
; Synchronization Register Chain Length                                      ; 2                  ; 2                  ;
; PowerPlay Power Optimization                                               ; Normal compilation ; Normal compilation ;
; HDL message level                                                          ; Level2             ; Level2             ;
; Suppress Register Optimization Related Messages                            ; Off                ; Off                ;
; Number of Removed Registers Reported in Synthesis Report                   ; 5000               ; 5000               ;
; Number of Inverted Registers Reported in Synthesis Report                  ; 100                ; 100                ;
; Clock MUX Protection                                                       ; On                 ; On                 ;
; Auto Gated Clock Conversion                                                ; Off                ; Off                ;
; Block Design Naming                                                        ; Auto               ; Auto               ;
; SDC constraint protection                                                  ; Off                ; Off                ;
; Synthesis Effort                                                           ; Auto               ; Auto               ;
; Shift Register Replacement - Allow Asynchronous Clear Signal               ; On                 ; On                 ;
; Analysis & Synthesis Message Level                                         ; Medium             ; Medium             ;
; Disable Register Merging Across Hierarchies                                ; Auto               ; Auto               ;
; Resource Aware Inference For Block RAM                                     ; On                 ; On                 ;
+----------------------------------------------------------------------------+--------------------+--------------------+


Parallel compilation was disabled, but you have multiple processors available. Enable parallel compilation to reduce compilation time.
+-------------------------------------+
; Parallel Compilation                ;
+----------------------------+--------+
; Processors                 ; Number ;
+----------------------------+--------+
; Number detected on machine ; 3      ;
; Maximum allowed            ; 1      ;
+----------------------------+--------+


+-----------------------------------------------------------------------------------------------------------------------------------------------------------------+
; Analysis & Synthesis Source Files Read                                                                                                                          ;
+-------------------------------------------+-----------------+----------------------------------+----------------------------------------------------------------+
; File Name with User-Entered Path          ; Used in Netlist ; File Type                        ; File Name with Absolute Path                                   ;
+-------------------------------------------+-----------------+----------------------------------+----------------------------------------------------------------+
; instrucoes.mif                            ; yes             ; User Memory Initialization File  ; C:/Users/bah/Desktop/HW/instrucoes.mif                         ;
; ../Componentes do Projeto/Banco_reg.vhd   ; yes             ; User VHDL File                   ; C:/Users/bah/Desktop/Componentes do Projeto/Banco_reg.vhd      ;
; ../Componentes do Projeto/Instr_Reg.vhd   ; yes             ; User VHDL File                   ; C:/Users/bah/Desktop/Componentes do Projeto/Instr_Reg.vhd      ;
; ../Componentes do Projeto/Memoria.vhd     ; yes             ; User VHDL File                   ; C:/Users/bah/Desktop/Componentes do Projeto/Memoria.vhd        ;
; ../Componentes do Projeto/Registrador.vhd ; yes             ; User VHDL File                   ; C:/Users/bah/Desktop/Componentes do Projeto/Registrador.vhd    ;
; ../Componentes do Projeto/ula32.vhd       ; yes             ; User VHDL File                   ; C:/Users/bah/Desktop/Componentes do Projeto/ula32.vhd          ;
; Control.sv                                ; yes             ; User SystemVerilog HDL File      ; C:/Users/bah/Desktop/HW/Control.sv                             ;
; CPU.sv                                    ; yes             ; User SystemVerilog HDL File      ; C:/Users/bah/Desktop/HW/CPU.sv                                 ;
; IorDMux.sv                                ; yes             ; User SystemVerilog HDL File      ; C:/Users/bah/Desktop/HW/IorDMux.sv                             ;
; RegDstMux.sv                              ; yes             ; User SystemVerilog HDL File      ; C:/Users/bah/Desktop/HW/RegDstMux.sv                           ;
; MDRMux.sv                                 ; yes             ; User SystemVerilog HDL File      ; C:/Users/bah/Desktop/HW/MDRMux.sv                              ;
; AluAMux.sv                                ; yes             ; User SystemVerilog HDL File      ; C:/Users/bah/Desktop/HW/AluAMux.sv                             ;
; AluBMux.sv                                ; yes             ; User SystemVerilog HDL File      ; C:/Users/bah/Desktop/HW/AluBMux.sv                             ;
; PCSourceMux.sv                            ; yes             ; User SystemVerilog HDL File      ; C:/Users/bah/Desktop/HW/PCSourceMux.sv                         ;
; SignExtend.sv                             ; yes             ; User SystemVerilog HDL File      ; C:/Users/bah/Desktop/HW/SignExtend.sv                          ;
; lpm_ram_dq.tdf                            ; yes             ; Megafunction                     ; c:/altera/91sp2/quartus/libraries/megafunctions/lpm_ram_dq.tdf ;
; altram.tdf                                ; yes             ; Megafunction                     ; c:/altera/91sp2/quartus/libraries/megafunctions/altram.tdf     ;
; altsyncram.tdf                            ; yes             ; Megafunction                     ; c:/altera/91sp2/quartus/libraries/megafunctions/altsyncram.tdf ;
; db/altsyncram_e1a1.tdf                    ; yes             ; Auto-Generated Megafunction      ; C:/Users/bah/Desktop/HW/db/altsyncram_e1a1.tdf                 ;
+-------------------------------------------+-----------------+----------------------------------+----------------------------------------------------------------+


+-----------------------------------------------------+
; Analysis & Synthesis Resource Usage Summary         ;
+---------------------------------------------+-------+
; Resource                                    ; Usage ;
+---------------------------------------------+-------+
; Estimated Total logic elements              ; 2,807 ;
;                                             ;       ;
; Total combinational functions               ; 1708  ;
; Logic element usage by number of LUT inputs ;       ;
;     -- 4 input functions                    ; 1435  ;
;     -- 3 input functions                    ; 236   ;
;     -- <=2 input functions                  ; 37    ;
;                                             ;       ;
; Logic elements by mode                      ;       ;
;     -- normal mode                          ; 1688  ;
;     -- arithmetic mode                      ; 20    ;
;                                             ;       ;
; Total registers                             ; 1251  ;
;     -- Dedicated logic registers            ; 1251  ;
;     -- I/O registers                        ; 0     ;
;                                             ;       ;
; I/O pins                                    ; 537   ;
; Total memory bits                           ; 8192  ;
; Maximum fan-out node                        ; Clock ;
; Maximum fan-out                             ; 1283  ;
; Total fan-out                               ; 12147 ;
; Average fan-out                             ; 3.44  ;
+---------------------------------------------+-------+


+-----------------------------------------------------------------------------------------------------------------------------------------------------------------------------------------------------------------------------------------------------------------------------------------+
; Analysis & Synthesis Resource Utilization by Entity                                                                                                                                                                                                                                     ;
+-------------------------------------------------+-------------------+--------------+-------------+--------------+---------+-----------+------+--------------+------------------------------------------------------------------------------------------------------------+--------------+
; Compilation Hierarchy Node                      ; LC Combinationals ; LC Registers ; Memory Bits ; DSP Elements ; DSP 9x9 ; DSP 18x18 ; Pins ; Virtual Pins ; Full Hierarchy Name                                                                                        ; Library Name ;
+-------------------------------------------------+-------------------+--------------+-------------+--------------+---------+-----------+------+--------------+------------------------------------------------------------------------------------------------------------+--------------+
; |CPU                                            ; 1708 (1)          ; 1251 (0)     ; 8192        ; 0            ; 0       ; 0         ; 537  ; 0            ; |CPU                                                                                                       ; work         ;
;    |AluAMux:ramux|                              ; 32 (32)           ; 0 (0)        ; 0           ; 0            ; 0       ; 0         ; 0    ; 0            ; |CPU|AluAMux:ramux                                                                                         ; work         ;
;    |AluBMux:rbmux|                              ; 17 (17)           ; 0 (0)        ; 0           ; 0            ; 0       ; 0         ; 0    ; 0            ; |CPU|AluBMux:rbmux                                                                                         ; work         ;
;    |Banco_reg:BRE|                              ; 1392 (1392)       ; 1024 (1024)  ; 0           ; 0            ; 0       ; 0         ; 0    ; 0            ; |CPU|Banco_reg:BRE                                                                                         ; work         ;
;    |Control:control|                            ; 54 (54)           ; 35 (35)      ; 0           ; 0            ; 0       ; 0         ; 0    ; 0            ; |CPU|Control:control                                                                                       ;              ;
;    |Instr_Reg:IR|                               ; 0 (0)             ; 32 (32)      ; 0           ; 0            ; 0       ; 0         ; 0    ; 0            ; |CPU|Instr_Reg:IR                                                                                          ; work         ;
;    |IorDMux:iordmux|                            ; 32 (32)           ; 0 (0)        ; 0           ; 0            ; 0       ; 0         ; 0    ; 0            ; |CPU|IorDMux:iordmux                                                                                       ; work         ;
;    |MDRMux:mdrmux|                              ; 32 (32)           ; 0 (0)        ; 0           ; 0            ; 0       ; 0         ; 0    ; 0            ; |CPU|MDRMux:mdrmux                                                                                         ; work         ;
;    |Memoria:MEM|                                ; 23 (23)           ; 0 (0)        ; 8192        ; 0            ; 0       ; 0         ; 0    ; 0            ; |CPU|Memoria:MEM                                                                                           ; work         ;
;       |lpm_ram_dq:MEM_plus_One|                 ; 0 (0)             ; 0 (0)        ; 2048        ; 0            ; 0       ; 0         ; 0    ; 0            ; |CPU|Memoria:MEM|lpm_ram_dq:MEM_plus_One                                                                   ; work         ;
;          |altram:sram|                          ; 0 (0)             ; 0 (0)        ; 2048        ; 0            ; 0       ; 0         ; 0    ; 0            ; |CPU|Memoria:MEM|lpm_ram_dq:MEM_plus_One|altram:sram                                                       ;              ;
;             |altsyncram:ram_block|              ; 0 (0)             ; 0 (0)        ; 2048        ; 0            ; 0       ; 0         ; 0    ; 0            ; |CPU|Memoria:MEM|lpm_ram_dq:MEM_plus_One|altram:sram|altsyncram:ram_block                                  ;              ;
;                |altsyncram_e1a1:auto_generated| ; 0 (0)             ; 0 (0)        ; 2048        ; 0            ; 0       ; 0         ; 0    ; 0            ; |CPU|Memoria:MEM|lpm_ram_dq:MEM_plus_One|altram:sram|altsyncram:ram_block|altsyncram_e1a1:auto_generated   ; work         ;
;       |lpm_ram_dq:MEM_plus_Three|               ; 0 (0)             ; 0 (0)        ; 2048        ; 0            ; 0       ; 0         ; 0    ; 0            ; |CPU|Memoria:MEM|lpm_ram_dq:MEM_plus_Three                                                                 ; work         ;
;          |altram:sram|                          ; 0 (0)             ; 0 (0)        ; 2048        ; 0            ; 0       ; 0         ; 0    ; 0            ; |CPU|Memoria:MEM|lpm_ram_dq:MEM_plus_Three|altram:sram                                                     ; work         ;
;             |altsyncram:ram_block|              ; 0 (0)             ; 0 (0)        ; 2048        ; 0            ; 0       ; 0         ; 0    ; 0            ; |CPU|Memoria:MEM|lpm_ram_dq:MEM_plus_Three|altram:sram|altsyncram:ram_block                                ; work         ;
;                |altsyncram_e1a1:auto_generated| ; 0 (0)             ; 0 (0)        ; 2048        ; 0            ; 0       ; 0         ; 0    ; 0            ; |CPU|Memoria:MEM|lpm_ram_dq:MEM_plus_Three|altram:sram|altsyncram:ram_block|altsyncram_e1a1:auto_generated ; work         ;
;       |lpm_ram_dq:MEM_plus_Two|                 ; 0 (0)             ; 0 (0)        ; 2048        ; 0            ; 0       ; 0         ; 0    ; 0            ; |CPU|Memoria:MEM|lpm_ram_dq:MEM_plus_Two                                                                   ; work         ;
;          |altram:sram|                          ; 0 (0)             ; 0 (0)        ; 2048        ; 0            ; 0       ; 0         ; 0    ; 0            ; |CPU|Memoria:MEM|lpm_ram_dq:MEM_plus_Two|altram:sram                                                       ; work         ;
;             |altsyncram:ram_block|              ; 0 (0)             ; 0 (0)        ; 2048        ; 0            ; 0       ; 0         ; 0    ; 0            ; |CPU|Memoria:MEM|lpm_ram_dq:MEM_plus_Two|altram:sram|altsyncram:ram_block                                  ; work         ;
;                |altsyncram_e1a1:auto_generated| ; 0 (0)             ; 0 (0)        ; 2048        ; 0            ; 0       ; 0         ; 0    ; 0            ; |CPU|Memoria:MEM|lpm_ram_dq:MEM_plus_Two|altram:sram|altsyncram:ram_block|altsyncram_e1a1:auto_generated   ; work         ;
;       |lpm_ram_dq:MEM|                          ; 0 (0)             ; 0 (0)        ; 2048        ; 0            ; 0       ; 0         ; 0    ; 0            ; |CPU|Memoria:MEM|lpm_ram_dq:MEM                                                                            ; work         ;
;          |altram:sram|                          ; 0 (0)             ; 0 (0)        ; 2048        ; 0            ; 0       ; 0         ; 0    ; 0            ; |CPU|Memoria:MEM|lpm_ram_dq:MEM|altram:sram                                                                ; work         ;
;             |altsyncram:ram_block|              ; 0 (0)             ; 0 (0)        ; 2048        ; 0            ; 0       ; 0         ; 0    ; 0            ; |CPU|Memoria:MEM|lpm_ram_dq:MEM|altram:sram|altsyncram:ram_block                                           ; work         ;
;                |altsyncram_e1a1:auto_generated| ; 0 (0)             ; 0 (0)        ; 2048        ; 0            ; 0       ; 0         ; 0    ; 0            ; |CPU|Memoria:MEM|lpm_ram_dq:MEM|altram:sram|altsyncram:ram_block|altsyncram_e1a1:auto_generated            ; work         ;
;    |Registrador:AluOutR|                        ; 0 (0)             ; 32 (32)      ; 0           ; 0            ; 0       ; 0         ; 0    ; 0            ; |CPU|Registrador:AluOutR                                                                                   ; work         ;
;    |Registrador:A|                              ; 0 (0)             ; 32 (32)      ; 0           ; 0            ; 0       ; 0         ; 0    ; 0            ; |CPU|Registrador:A                                                                                         ; work         ;
;    |Registrador:B|                              ; 0 (0)             ; 32 (32)      ; 0           ; 0            ; 0       ; 0         ; 0    ; 0            ; |CPU|Registrador:B                                                                                         ; work         ;
;    |Registrador:PCR|                            ; 0 (0)             ; 32 (32)      ; 0           ; 0            ; 0       ; 0         ; 0    ; 0            ; |CPU|Registrador:PCR                                                                                       ; work         ;
;    |Registrador:RMDR|                           ; 0 (0)             ; 32 (32)      ; 0           ; 0            ; 0       ; 0         ; 0    ; 0            ; |CPU|Registrador:RMDR                                                                                      ; work         ;
;    |Ula32:ALU|                                  ; 125 (125)         ; 0 (0)        ; 0           ; 0            ; 0       ; 0         ; 0    ; 0            ; |CPU|Ula32:ALU                                                                                             ; work         ;
+-------------------------------------------------+-------------------+--------------+-------------+--------------+---------+-----------+------+--------------+------------------------------------------------------------------------------------------------------------+--------------+
Note: For table entries with two numbers listed, the numbers in parentheses indicate the number of resources of the given type used by the specific entity alone. The numbers listed outside of parentheses indicate the total resources of the given type used by the specific entity and all of its sub-entities in the hierarchy.


+---------------------------------------------------------------------------------------------------------------------------------------------------------------------------------------------------------------------------+
; Analysis & Synthesis RAM Summary                                                                                                                                                                                          ;
+------------------------------------------------------------------------------------------------------------------+------+-------------+--------------+--------------+--------------+--------------+------+----------------+
; Name                                                                                                             ; Type ; Mode        ; Port A Depth ; Port A Width ; Port B Depth ; Port B Width ; Size ; MIF            ;
+------------------------------------------------------------------------------------------------------------------+------+-------------+--------------+--------------+--------------+--------------+------+----------------+
; Memoria:MEM|lpm_ram_dq:MEM_plus_One|altram:sram|altsyncram:ram_block|altsyncram_e1a1:auto_generated|ALTSYNCRAM   ; AUTO ; Single Port ; 256          ; 8            ; --           ; --           ; 2048 ; instrucoes.mif ;
; Memoria:MEM|lpm_ram_dq:MEM_plus_Three|altram:sram|altsyncram:ram_block|altsyncram_e1a1:auto_generated|ALTSYNCRAM ; AUTO ; Single Port ; 256          ; 8            ; --           ; --           ; 2048 ; instrucoes.mif ;
; Memoria:MEM|lpm_ram_dq:MEM_plus_Two|altram:sram|altsyncram:ram_block|altsyncram_e1a1:auto_generated|ALTSYNCRAM   ; AUTO ; Single Port ; 256          ; 8            ; --           ; --           ; 2048 ; instrucoes.mif ;
; Memoria:MEM|lpm_ram_dq:MEM|altram:sram|altsyncram:ram_block|altsyncram_e1a1:auto_generated|ALTSYNCRAM            ; AUTO ; Single Port ; 256          ; 8            ; --           ; --           ; 2048 ; instrucoes.mif ;
+------------------------------------------------------------------------------------------------------------------+------+-------------+--------------+--------------+--------------+--------------+------+----------------+


Encoding Type:  One-Hot
+--------------------------------------------------------------------------------------------------------------------------------------------------------------------------------------------------------------------------------------------------------------------------------------------------------------------------------------------------------------+
; State Machine - |CPU|Control:control|st                                                                                                                                                                                                                                                                                                                      ;
+------------------------------+-----------+-----------+----------+------------------------------+-------------------------+-----------------------------+-----------------------+-------------------------+-------------------------+----------+--------+------------------+-----------------+----------------+-----------------+------------------+----------+
; Name                         ; st.WAIT_3 ; st.WAIT_2 ; st.WAIT1 ; st.REGISTER_WRITE_LOAD_INSTR ; st.MDR_WRITE_LOAD_INSTR ; st.MEMORY_ACCESS_LOAD_INSTR ; st.ALU_OUT_WRITE_LOAD ; st.REGISTER_WRITE_RTYPE ; st.ALU_OUT_WRITE_R_TYPE ; st.BREAK ; st.ADD ; st.A_AND_B_WRITE ; st.INSTR_DECODE ; st.INSTR_WRITE ; st.INCREMENT_PC ; st.MEMORY_ACCESS ; st.RESET ;
+------------------------------+-----------+-----------+----------+------------------------------+-------------------------+-----------------------------+-----------------------+-------------------------+-------------------------+----------+--------+------------------+-----------------+----------------+-----------------+------------------+----------+
; st.RESET                     ; 0         ; 0         ; 0        ; 0                            ; 0                       ; 0                           ; 0                     ; 0                       ; 0                       ; 0        ; 0      ; 0                ; 0               ; 0              ; 0               ; 0                ; 0        ;
; st.MEMORY_ACCESS             ; 0         ; 0         ; 0        ; 0                            ; 0                       ; 0                           ; 0                     ; 0                       ; 0                       ; 0        ; 0      ; 0                ; 0               ; 0              ; 0               ; 1                ; 1        ;
; st.INCREMENT_PC              ; 0         ; 0         ; 0        ; 0                            ; 0                       ; 0                           ; 0                     ; 0                       ; 0                       ; 0        ; 0      ; 0                ; 0               ; 0              ; 1               ; 0                ; 1        ;
; st.INSTR_WRITE               ; 0         ; 0         ; 0        ; 0                            ; 0                       ; 0                           ; 0                     ; 0                       ; 0                       ; 0        ; 0      ; 0                ; 0               ; 1              ; 0               ; 0                ; 1        ;
; st.INSTR_DECODE              ; 0         ; 0         ; 0        ; 0                            ; 0                       ; 0                           ; 0                     ; 0                       ; 0                       ; 0        ; 0      ; 0                ; 1               ; 0              ; 0               ; 0                ; 1        ;
; st.A_AND_B_WRITE             ; 0         ; 0         ; 0        ; 0                            ; 0                       ; 0                           ; 0                     ; 0                       ; 0                       ; 0        ; 0      ; 1                ; 0               ; 0              ; 0               ; 0                ; 1        ;
; st.ADD                       ; 0         ; 0         ; 0        ; 0                            ; 0                       ; 0                           ; 0                     ; 0                       ; 0                       ; 0        ; 1      ; 0                ; 0               ; 0              ; 0               ; 0                ; 1        ;
; st.BREAK                     ; 0         ; 0         ; 0        ; 0                            ; 0                       ; 0                           ; 0                     ; 0                       ; 0                       ; 1        ; 0      ; 0                ; 0               ; 0              ; 0               ; 0                ; 1        ;
; st.ALU_OUT_WRITE_R_TYPE      ; 0         ; 0         ; 0        ; 0                            ; 0                       ; 0                           ; 0                     ; 0                       ; 1                       ; 0        ; 0      ; 0                ; 0               ; 0              ; 0               ; 0                ; 1        ;
; st.REGISTER_WRITE_RTYPE      ; 0         ; 0         ; 0        ; 0                            ; 0                       ; 0                           ; 0                     ; 1                       ; 0                       ; 0        ; 0      ; 0                ; 0               ; 0              ; 0               ; 0                ; 1        ;
; st.ALU_OUT_WRITE_LOAD        ; 0         ; 0         ; 0        ; 0                            ; 0                       ; 0                           ; 1                     ; 0                       ; 0                       ; 0        ; 0      ; 0                ; 0               ; 0              ; 0               ; 0                ; 1        ;
; st.MEMORY_ACCESS_LOAD_INSTR  ; 0         ; 0         ; 0        ; 0                            ; 0                       ; 1                           ; 0                     ; 0                       ; 0                       ; 0        ; 0      ; 0                ; 0               ; 0              ; 0               ; 0                ; 1        ;
; st.MDR_WRITE_LOAD_INSTR      ; 0         ; 0         ; 0        ; 0                            ; 1                       ; 0                           ; 0                     ; 0                       ; 0                       ; 0        ; 0      ; 0                ; 0               ; 0              ; 0               ; 0                ; 1        ;
; st.REGISTER_WRITE_LOAD_INSTR ; 0         ; 0         ; 0        ; 1                            ; 0                       ; 0                           ; 0                     ; 0                       ; 0                       ; 0        ; 0      ; 0                ; 0               ; 0              ; 0               ; 0                ; 1        ;
; st.WAIT1                     ; 0         ; 0         ; 1        ; 0                            ; 0                       ; 0                           ; 0                     ; 0                       ; 0                       ; 0        ; 0      ; 0                ; 0               ; 0              ; 0               ; 0                ; 1        ;
; st.WAIT_2                    ; 0         ; 1         ; 0        ; 0                            ; 0                       ; 0                           ; 0                     ; 0                       ; 0                       ; 0        ; 0      ; 0                ; 0               ; 0              ; 0               ; 0                ; 1        ;
; st.WAIT_3                    ; 1         ; 0         ; 0        ; 0                            ; 0                       ; 0                           ; 0                     ; 0                       ; 0                       ; 0        ; 0      ; 0                ; 0               ; 0              ; 0               ; 0                ; 1        ;
+------------------------------+-----------+-----------+----------+------------------------------+-------------------------+-----------------------------+-----------------------+-------------------------+-------------------------+----------+--------+------------------+-----------------+----------------+-----------------+------------------+----------+


+---------------------------------------------------------------------------------+
; Registers Removed During Synthesis                                              ;
+----------------------------------------+----------------------------------------+
; Register name                          ; Reason for Removal                     ;
+----------------------------------------+----------------------------------------+
; Control:control|AluOp[1..2]            ; Stuck at GND due to stuck port data_in ;
; Control:control|PCSource[0..1]         ; Stuck at GND due to stuck port data_in ;
; Control:control|RegDst                 ; Stuck at GND due to stuck port data_in ;
; Control:control|wr                     ; Stuck at GND due to stuck port data_in ;
; Control:control|AWrite                 ; Merged with Control:control|BWrite     ;
; Control:control|st~3                   ; Lost fanout                            ;
; Control:control|st~4                   ; Lost fanout                            ;
; Control:control|st~5                   ; Lost fanout                            ;
; Control:control|st~6                   ; Lost fanout                            ;
; Control:control|st~7                   ; Lost fanout                            ;
; Control:control|st~8                   ; Lost fanout                            ;
; Total Number of Removed Registers = 13 ;                                        ;
+----------------------------------------+----------------------------------------+


+------------------------------------------------------+
; General Register Statistics                          ;
+----------------------------------------------+-------+
; Statistic                                    ; Value ;
+----------------------------------------------+-------+
; Total registers                              ; 1251  ;
; Number of registers using Synchronous Clear  ; 0     ;
; Number of registers using Synchronous Load   ; 0     ;
; Number of registers using Asynchronous Clear ; 1216  ;
; Number of registers using Asynchronous Load  ; 0     ;
; Number of registers using Clock Enable       ; 1216  ;
; Number of registers using Preset             ; 0     ;
+----------------------------------------------+-------+


+-----------------------------------------------------------------------------------------------------------------------------------------------+
; Multiplexer Restructuring Statistics (Restructuring Performed)                                                                                ;
+--------------------+-----------+---------------+----------------------+------------------------+------------+---------------------------------+
; Multiplexer Inputs ; Bus Width ; Baseline Area ; Area if Restructured ; Saving if Restructured ; Registered ; Example Multiplexer Output      ;
+--------------------+-----------+---------------+----------------------+------------------------+------------+---------------------------------+
; 4:1                ; 16 bits   ; 32 LEs        ; 32 LEs               ; 0 LEs                  ; No         ; |CPU|AluBMux:rbmux|Mux23        ;
; 32:1               ; 32 bits   ; 672 LEs       ; 672 LEs              ; 0 LEs                  ; No         ; |CPU|Banco_reg:BRE|Mux50        ;
; 32:1               ; 32 bits   ; 672 LEs       ; 672 LEs              ; 0 LEs                  ; No         ; |CPU|Banco_reg:BRE|Mux4         ;
; 68:1               ; 2 bits    ; 90 LEs        ; 4 LEs                ; 86 LEs                 ; No         ; |CPU|Control:control|Selector45 ;
; 131:1              ; 2 bits    ; 174 LEs       ; 8 LEs                ; 166 LEs                ; No         ; |CPU|Control:control|Selector42 ;
+--------------------+-----------+---------------+----------------------+------------------------+------------+---------------------------------+


+-------------------------------------------------------------------------------------------------------------------+
; Source assignments for Memoria:MEM|LPM_RAM_DQ:MEM|altram:sram|altsyncram:ram_block|altsyncram_e1a1:auto_generated ;
+---------------------------------+--------------------+------+-----------------------------------------------------+
; Assignment                      ; Value              ; From ; To                                                  ;
+---------------------------------+--------------------+------+-----------------------------------------------------+
; OPTIMIZE_POWER_DURING_SYNTHESIS ; NORMAL_COMPILATION ; -    ; -                                                   ;
+---------------------------------+--------------------+------+-----------------------------------------------------+


+----------------------------------------------------------------------------------------------------------------------------+
; Source assignments for Memoria:MEM|LPM_RAM_DQ:MEM_plus_One|altram:sram|altsyncram:ram_block|altsyncram_e1a1:auto_generated ;
+---------------------------------+--------------------+------+--------------------------------------------------------------+
; Assignment                      ; Value              ; From ; To                                                           ;
+---------------------------------+--------------------+------+--------------------------------------------------------------+
; OPTIMIZE_POWER_DURING_SYNTHESIS ; NORMAL_COMPILATION ; -    ; -                                                            ;
+---------------------------------+--------------------+------+--------------------------------------------------------------+


+----------------------------------------------------------------------------------------------------------------------------+
; Source assignments for Memoria:MEM|LPM_RAM_DQ:MEM_plus_Two|altram:sram|altsyncram:ram_block|altsyncram_e1a1:auto_generated ;
+---------------------------------+--------------------+------+--------------------------------------------------------------+
; Assignment                      ; Value              ; From ; To                                                           ;
+---------------------------------+--------------------+------+--------------------------------------------------------------+
; OPTIMIZE_POWER_DURING_SYNTHESIS ; NORMAL_COMPILATION ; -    ; -                                                            ;
+---------------------------------+--------------------+------+--------------------------------------------------------------+


+------------------------------------------------------------------------------------------------------------------------------+
; Source assignments for Memoria:MEM|LPM_RAM_DQ:MEM_plus_Three|altram:sram|altsyncram:ram_block|altsyncram_e1a1:auto_generated ;
+---------------------------------+--------------------+------+----------------------------------------------------------------+
; Assignment                      ; Value              ; From ; To                                                             ;
+---------------------------------+--------------------+------+----------------------------------------------------------------+
; OPTIMIZE_POWER_DURING_SYNTHESIS ; NORMAL_COMPILATION ; -    ; -                                                              ;
+---------------------------------+--------------------+------+----------------------------------------------------------------+


+--------------------------------------------------------------+
; Parameter Settings for User Entity Instance: Control:control ;
+---------------------------+--------+-------------------------+
; Parameter Name            ; Value  ; Type                    ;
+---------------------------+--------+-------------------------+
; RESET                     ; 0      ; Signed Integer          ;
; WAIT_2                    ; 51     ; Signed Integer          ;
; WAIT_3                    ; 52     ; Signed Integer          ;
; MEMORY_ACCESS             ; 1      ; Signed Integer          ;
; MEMORY_ACCESS_LOAD_INSTR  ; 26     ; Signed Integer          ;
; MDR_WRITE_LOAD_INSTR      ; 27     ; Signed Integer          ;
; REGISTER_WRITE_LOAD_INSTR ; 28     ; Signed Integer          ;
; INCREMENT_PC              ; 2      ; Signed Integer          ;
; WAIT1                     ; 50     ; Signed Integer          ;
; INSTR_WRITE               ; 3      ; Signed Integer          ;
; INSTR_DECODE              ; 4      ; Signed Integer          ;
; A_AND_B_WRITE             ; 5      ; Signed Integer          ;
; ALU_OUT_WRITE_R_TYPE      ; 23     ; Signed Integer          ;
; ALU_OUT_WRITE_LOAD        ; 25     ; Signed Integer          ;
; REGISTER_WRITE_RTYPE      ; 24     ; Signed Integer          ;
; PC_WRT                    ; 6      ; Signed Integer          ;
; STOP_PC                   ; 7      ; Signed Integer          ;
; MEM_WRITE                 ; 8      ; Signed Integer          ;
; OP_NFOUND                 ; 9      ; Signed Integer          ;
; RTYPE                     ; 10     ; Signed Integer          ;
; BEQ                       ; 11     ; Signed Integer          ;
; BNE                       ; 12     ; Signed Integer          ;
; LW                        ; 13     ; Signed Integer          ;
; SW                        ; 14     ; Signed Integer          ;
; LUI                       ; 15     ; Signed Integer          ;
; J                         ; 16     ; Signed Integer          ;
; ADD                       ; 17     ; Signed Integer          ;
; AND                       ; 18     ; Signed Integer          ;
; SUB                       ; 19     ; Signed Integer          ;
; XOR                       ; 20     ; Signed Integer          ;
; BREAK                     ; 21     ; Signed Integer          ;
; NOP                       ; 22     ; Signed Integer          ;
; OP_R                      ; 000000 ; Unsigned Binary         ;
; OP_BEQ                    ; 000100 ; Unsigned Binary         ;
; OP_BNE                    ; 000101 ; Unsigned Binary         ;
; OP_LW                     ; 100011 ; Unsigned Binary         ;
; OP_SW                     ; 101011 ; Unsigned Binary         ;
; OP_LUI                    ; 001111 ; Unsigned Binary         ;
; OP_J                      ; 000010 ; Unsigned Binary         ;
+---------------------------+--------+-------------------------+
Note: In order to hide this table in the UI and the text report file, please set the "Show Parameter Settings Tables in Synthesis Report" option in "Analysis and Synthesis Settings -> More Settings" to "Off".


+-------------------------------------------------------------------------+
; Parameter Settings for User Entity Instance: Memoria:MEM|LPM_RAM_DQ:MEM ;
+------------------------+----------------+-------------------------------+
; Parameter Name         ; Value          ; Type                          ;
+------------------------+----------------+-------------------------------+
; LPM_WIDTH              ; 8              ; Signed Integer                ;
; LPM_WIDTHAD            ; 8              ; Signed Integer                ;
; LPM_NUMWORDS           ; 0              ; Signed Integer                ;
; LPM_INDATA             ; REGISTERED     ; Untyped                       ;
; LPM_ADDRESS_CONTROL    ; REGISTERED     ; Untyped                       ;
; LPM_OUTDATA            ; REGISTERED     ; Untyped                       ;
; LPM_FILE               ; instrucoes.mif ; Untyped                       ;
; USE_EAB                ; ON             ; Untyped                       ;
; DEVICE_FAMILY          ; Cyclone II     ; Untyped                       ;
; CBXI_PARAMETER         ; NOTHING        ; Untyped                       ;
; AUTO_CARRY_CHAINS      ; ON             ; AUTO_CARRY                    ;
; IGNORE_CARRY_BUFFERS   ; OFF            ; IGNORE_CARRY                  ;
; AUTO_CASCADE_CHAINS    ; ON             ; AUTO_CASCADE                  ;
; IGNORE_CASCADE_BUFFERS ; OFF            ; IGNORE_CASCADE                ;
+------------------------+----------------+-------------------------------+
Note: In order to hide this table in the UI and the text report file, please set the "Show Parameter Settings Tables in Synthesis Report" option in "Analysis and Synthesis Settings -> More Settings" to "Off".


+----------------------------------------------------------------------------------+
; Parameter Settings for User Entity Instance: Memoria:MEM|LPM_RAM_DQ:MEM_plus_One ;
+------------------------+----------------+----------------------------------------+
; Parameter Name         ; Value          ; Type                                   ;
+------------------------+----------------+----------------------------------------+
; LPM_WIDTH              ; 8              ; Signed Integer                         ;
; LPM_WIDTHAD            ; 8              ; Signed Integer                         ;
; LPM_NUMWORDS           ; 0              ; Signed Integer                         ;
; LPM_INDATA             ; REGISTERED     ; Untyped                                ;
; LPM_ADDRESS_CONTROL    ; REGISTERED     ; Untyped                                ;
; LPM_OUTDATA            ; REGISTERED     ; Untyped                                ;
; LPM_FILE               ; instrucoes.mif ; Untyped                                ;
; USE_EAB                ; ON             ; Untyped                                ;
; DEVICE_FAMILY          ; Cyclone II     ; Untyped                                ;
; CBXI_PARAMETER         ; NOTHING        ; Untyped                                ;
; AUTO_CARRY_CHAINS      ; ON             ; AUTO_CARRY                             ;
; IGNORE_CARRY_BUFFERS   ; OFF            ; IGNORE_CARRY                           ;
; AUTO_CASCADE_CHAINS    ; ON             ; AUTO_CASCADE                           ;
; IGNORE_CASCADE_BUFFERS ; OFF            ; IGNORE_CASCADE                         ;
+------------------------+----------------+----------------------------------------+
Note: In order to hide this table in the UI and the text report file, please set the "Show Parameter Settings Tables in Synthesis Report" option in "Analysis and Synthesis Settings -> More Settings" to "Off".


+----------------------------------------------------------------------------------+
; Parameter Settings for User Entity Instance: Memoria:MEM|LPM_RAM_DQ:MEM_plus_Two ;
+------------------------+----------------+----------------------------------------+
; Parameter Name         ; Value          ; Type                                   ;
+------------------------+----------------+----------------------------------------+
; LPM_WIDTH              ; 8              ; Signed Integer                         ;
; LPM_WIDTHAD            ; 8              ; Signed Integer                         ;
; LPM_NUMWORDS           ; 0              ; Signed Integer                         ;
; LPM_INDATA             ; REGISTERED     ; Untyped                                ;
; LPM_ADDRESS_CONTROL    ; REGISTERED     ; Untyped                                ;
; LPM_OUTDATA            ; REGISTERED     ; Untyped                                ;
; LPM_FILE               ; instrucoes.mif ; Untyped                                ;
; USE_EAB                ; ON             ; Untyped                                ;
; DEVICE_FAMILY          ; Cyclone II     ; Untyped                                ;
; CBXI_PARAMETER         ; NOTHING        ; Untyped                                ;
; AUTO_CARRY_CHAINS      ; ON             ; AUTO_CARRY                             ;
; IGNORE_CARRY_BUFFERS   ; OFF            ; IGNORE_CARRY                           ;
; AUTO_CASCADE_CHAINS    ; ON             ; AUTO_CASCADE                           ;
; IGNORE_CASCADE_BUFFERS ; OFF            ; IGNORE_CASCADE                         ;
+------------------------+----------------+----------------------------------------+
Note: In order to hide this table in the UI and the text report file, please set the "Show Parameter Settings Tables in Synthesis Report" option in "Analysis and Synthesis Settings -> More Settings" to "Off".


+------------------------------------------------------------------------------------+
; Parameter Settings for User Entity Instance: Memoria:MEM|LPM_RAM_DQ:MEM_plus_Three ;
+------------------------+----------------+------------------------------------------+
; Parameter Name         ; Value          ; Type                                     ;
+------------------------+----------------+------------------------------------------+
; LPM_WIDTH              ; 8              ; Signed Integer                           ;
; LPM_WIDTHAD            ; 8              ; Signed Integer                           ;
; LPM_NUMWORDS           ; 0              ; Signed Integer                           ;
; LPM_INDATA             ; REGISTERED     ; Untyped                                  ;
; LPM_ADDRESS_CONTROL    ; REGISTERED     ; Untyped                                  ;
; LPM_OUTDATA            ; REGISTERED     ; Untyped                                  ;
; LPM_FILE               ; instrucoes.mif ; Untyped                                  ;
; USE_EAB                ; ON             ; Untyped                                  ;
; DEVICE_FAMILY          ; Cyclone II     ; Untyped                                  ;
; CBXI_PARAMETER         ; NOTHING        ; Untyped                                  ;
; AUTO_CARRY_CHAINS      ; ON             ; AUTO_CARRY                               ;
; IGNORE_CARRY_BUFFERS   ; OFF            ; IGNORE_CARRY                             ;
; AUTO_CASCADE_CHAINS    ; ON             ; AUTO_CASCADE                             ;
; IGNORE_CASCADE_BUFFERS ; OFF            ; IGNORE_CASCADE                           ;
+------------------------+----------------+------------------------------------------+
Note: In order to hide this table in the UI and the text report file, please set the "Show Parameter Settings Tables in Synthesis Report" option in "Analysis and Synthesis Settings -> More Settings" to "Off".


+-------------------------------------------------------+
; Port Connectivity Checks: "Ula32:ALU"                 ;
+----------+--------+----------+------------------------+
; Port     ; Type   ; Severity ; Details                ;
+----------+--------+----------+------------------------+
; overflow ; Output ; Info     ; Explicitly unconnected ;
; negativo ; Output ; Info     ; Explicitly unconnected ;
; z        ; Output ; Info     ; Explicitly unconnected ;
; igual    ; Output ; Info     ; Explicitly unconnected ;
; maior    ; Output ; Info     ; Explicitly unconnected ;
; menor    ; Output ; Info     ; Explicitly unconnected ;
+----------+--------+----------+------------------------+


+-----------------------------------------------------------------------------------------------------------------------------------------------+
; Port Connectivity Checks: "Banco_reg:BRE"                                                                                                     ;
+----------+-------+------------------+---------------------------------------------------------------------------------------------------------+
; Port     ; Type  ; Severity         ; Details                                                                                                 ;
+----------+-------+------------------+---------------------------------------------------------------------------------------------------------+
; writereg ; Input ; Critical Warning ; Can't connect array with 32 elements in array dimension 1 to port with 5 elements in the same dimension ;
+----------+-------+------------------+---------------------------------------------------------------------------------------------------------+


+----------------------------------------------------+
; Port Connectivity Checks: "Memoria:MEM"            ;
+--------+-------+----------+------------------------+
; Port   ; Type  ; Severity ; Details                ;
+--------+-------+----------+------------------------+
; datain ; Input ; Info     ; Explicitly unconnected ;
+--------+-------+----------+------------------------+


+--------------------------------------------------+
; Port Connectivity Checks: "PCSourceMux:pcmux"    ;
+------+-------+----------+------------------------+
; Port ; Type  ; Severity ; Details                ;
+------+-------+----------+------------------------+
; Jump ; Input ; Info     ; Explicitly unconnected ;
+------+-------+----------+------------------------+


+--------------------------------------------------+
; Port Connectivity Checks: "AluBMux:rbmux"        ;
+------+-------+----------+------------------------+
; Port ; Type  ; Severity ; Details                ;
+------+-------+----------+------------------------+
; SL2  ; Input ; Info     ; Explicitly unconnected ;
+------+-------+----------+------------------------+


+-------------------------------------------------------------------------------------------------------------------------------------------------------------------------------------------------------------+
; Port Connectivity Checks: "RegDstMux:rdmux"                                                                                                                                                                 ;
+---------------+--------+----------+-------------------------------------------------------------------------------------------------------------------------------------------------------------------------+
; Port          ; Type   ; Severity ; Details                                                                                                                                                                 ;
+---------------+--------+----------+-------------------------------------------------------------------------------------------------------------------------------------------------------------------------+
; wrtRegMux_out ; Output ; Warning  ; Output or bidir port (5 bits) is smaller than the port expression (32 bits) it drives.  The 27 most-significant bit(s) in the port expression will be connected to GND. ;
+---------------+--------+----------+-------------------------------------------------------------------------------------------------------------------------------------------------------------------------+


+-------------------------------+
; Analysis & Synthesis Messages ;
+-------------------------------+
Info: *******************************************************************
Info: Running Quartus II Analysis & Synthesis
    Info: Version 9.1 Build 350 03/24/2010 Service Pack 2 SJ Web Edition
    Info: Processing started: Sun Apr 15 16:27:03 2018
Info: Command: quartus_map --read_settings_files=on --write_settings_files=off hw -c hw
Info: Found 2 design units, including 1 entities, in source file /users/bah/desktop/componentes do projeto/banco_reg.vhd
    Info: Found design unit 1: Banco_reg-behavioral_arch
    Info: Found entity 1: Banco_reg
Info: Found 2 design units, including 1 entities, in source file /users/bah/desktop/componentes do projeto/instr_reg.vhd
    Info: Found design unit 1: Instr_Reg-behavioral_arch
    Info: Found entity 1: Instr_Reg
Info: Found 3 design units, including 1 entities, in source file /users/bah/desktop/componentes do projeto/memoria.vhd
    Info: Found design unit 1: ram_constants
    Info: Found design unit 2: Memoria-behavioral_arch
    Info: Found entity 1: Memoria
Info: Found 2 design units, including 1 entities, in source file /users/bah/desktop/componentes do projeto/regdesloc.vhd
    Info: Found design unit 1: RegDesloc-behavioral_arch
    Info: Found entity 1: RegDesloc
Info: Found 2 design units, including 1 entities, in source file /users/bah/desktop/componentes do projeto/registrador.vhd
    Info: Found design unit 1: Registrador-behavioral_arch
    Info: Found entity 1: Registrador
Info: Found 2 design units, including 1 entities, in source file /users/bah/desktop/componentes do projeto/ula32.vhd
    Info: Found design unit 1: Ula32-behavioral
    Info: Found entity 1: Ula32
Info: Found 1 design units, including 1 entities, in source file control.sv
    Info: Found entity 1: Control
Info: Found 1 design units, including 1 entities, in source file cpu.sv
    Info: Found entity 1: CPU
Info: Found 1 design units, including 1 entities, in source file iordmux.sv
    Info: Found entity 1: IorDMux
Info: Found 1 design units, including 1 entities, in source file regdstmux.sv
    Info: Found entity 1: RegDstMux
Info: Found 1 design units, including 1 entities, in source file mdrmux.sv
    Info: Found entity 1: MDRMux
Info: Found 1 design units, including 1 entities, in source file aluamux.sv
    Info: Found entity 1: AluAMux
Info: Found 1 design units, including 1 entities, in source file alubmux.sv
    Info: Found entity 1: AluBMux
Info: Found 1 design units, including 1 entities, in source file pcsourcemux.sv
    Info: Found entity 1: PCSourceMux
Info: Found 1 design units, including 1 entities, in source file signextend.sv
    Info: Found entity 1: SignExtend
Warning (10236): Verilog HDL Implicit Net warning at CPU.sv(76): created implicit net for "AWrite"
Warning (10236): Verilog HDL Implicit Net warning at CPU.sv(77): created implicit net for "BWrite"
Info: Elaborating entity "CPU" for the top level hierarchy
Warning (10034): Output port "WriteDataMem" at CPU.sv(25) has no driver
Warning (10034): Output port "Reg_Desloc" at CPU.sv(31) has no driver
Warning (10034): Output port "mul_Module" at CPU.sv(33) has no driver
Info: Elaborating entity "Control" for hierarchy "Control:control"
Info (10264): Verilog HDL Case Statement information at Control.sv(97): all case item expressions in this case statement are onehot
Info: Elaborating entity "IorDMux" for hierarchy "IorDMux:iordmux"
Warning (10235): Verilog HDL Always Construct warning at IorDMux.sv(10): variable "PC" is read inside the Always Construct but isn't in the Always Construct's Event Control
Warning (10235): Verilog HDL Always Construct warning at IorDMux.sv(11): variable "AluOut" is read inside the Always Construct but isn't in the Always Construct's Event Control
Info: Elaborating entity "RegDstMux" for hierarchy "RegDstMux:rdmux"
Warning (10235): Verilog HDL Always Construct warning at RegDstMux.sv(9): variable "I20_16" is read inside the Always Construct but isn't in the Always Construct's Event Control
Warning (10235): Verilog HDL Always Construct warning at RegDstMux.sv(11): variable "I15_11" is read inside the Always Construct but isn't in the Always Construct's Event Control
Info: Elaborating entity "MDRMux" for hierarchy "MDRMux:mdrmux"
Warning (10235): Verilog HDL Always Construct warning at MDRMux.sv(8): variable "AluOut" is read inside the Always Construct but isn't in the Always Construct's Event Control
Warning (10235): Verilog HDL Always Construct warning at MDRMux.sv(9): variable "MDR" is read inside the Always Construct but isn't in the Always Construct's Event Control
Info: Elaborating entity "AluAMux" for hierarchy "AluAMux:ramux"
Warning (10235): Verilog HDL Always Construct warning at AluAMux.sv(8): variable "PC" is read inside the Always Construct but isn't in the Always Construct's Event Control
Warning (10235): Verilog HDL Always Construct warning at AluAMux.sv(9): variable "A" is read inside the Always Construct but isn't in the Always Construct's Event Control
Info: Elaborating entity "AluBMux" for hierarchy "AluBMux:rbmux"
Warning (10235): Verilog HDL Always Construct warning at AluBMux.sv(9): variable "B" is read inside the Always Construct but isn't in the Always Construct's Event Control
Warning (10235): Verilog HDL Always Construct warning at AluBMux.sv(11): variable "SignE" is read inside the Always Construct but isn't in the Always Construct's Event Control
Warning (10235): Verilog HDL Always Construct warning at AluBMux.sv(12): variable "SL2" is read inside the Always Construct but isn't in the Always Construct's Event Control
Info: Elaborating entity "PCSourceMux" for hierarchy "PCSourceMux:pcmux"
Warning (10235): Verilog HDL Always Construct warning at PCSourceMux.sv(8): variable "AluS" is read inside the Always Construct but isn't in the Always Construct's Event Control
Warning (10235): Verilog HDL Always Construct warning at PCSourceMux.sv(9): variable "AluOut" is read inside the Always Construct but isn't in the Always Construct's Event Control
Warning (10235): Verilog HDL Always Construct warning at PCSourceMux.sv(10): variable "Jump" is read inside the Always Construct but isn't in the Always Construct's Event Control
Warning (10235): Verilog HDL Always Construct warning at PCSourceMux.sv(11): variable "EPC" is read inside the Always Construct but isn't in the Always Construct's Event Control
Info: Elaborating entity "Registrador" for hierarchy "Registrador:A"
Info: Elaborating entity "Memoria" for hierarchy "Memoria:MEM"
Info: Elaborating entity "LPM_RAM_DQ" for hierarchy "Memoria:MEM|LPM_RAM_DQ:MEM"
Info: Elaborated megafunction instantiation "Memoria:MEM|LPM_RAM_DQ:MEM"
Info: Instantiated megafunction "Memoria:MEM|LPM_RAM_DQ:MEM" with the following parameter:
    Info: Parameter "LPM_WIDTH" = "8"
    Info: Parameter "LPM_WIDTHAD" = "8"
    Info: Parameter "LPM_NUMWORDS" = "0"
    Info: Parameter "LPM_INDATA" = "REGISTERED"
    Info: Parameter "LPM_ADDRESS_CONTROL" = "REGISTERED"
    Info: Parameter "LPM_OUTDATA" = "REGISTERED"
    Info: Parameter "LPM_FILE" = "instrucoes.mif"
    Info: Parameter "LPM_TYPE" = "LPM_RAM_DQ"
    Info: Parameter "USE_EAB" = "ON"
    Info: Parameter "INTENDED_DEVICE_FAMILY" = "UNUSED"
    Info: Parameter "LPM_HINT" = "UNUSED"
Info: Elaborating entity "altram" for hierarchy "Memoria:MEM|LPM_RAM_DQ:MEM|altram:sram"
Warning: Assertion warning: altram does not support Cyclone II device family -- attempting best-case memory conversions, but power-up states and read during write behavior will be different for Cyclone II devices
Info: Elaborated megafunction instantiation "Memoria:MEM|LPM_RAM_DQ:MEM|altram:sram", which is child of megafunction instantiation "Memoria:MEM|LPM_RAM_DQ:MEM"
Info: Elaborating entity "altsyncram" for hierarchy "Memoria:MEM|LPM_RAM_DQ:MEM|altram:sram|altsyncram:ram_block"
Info: Elaborated megafunction instantiation "Memoria:MEM|LPM_RAM_DQ:MEM|altram:sram|altsyncram:ram_block", which is child of megafunction instantiation "Memoria:MEM|LPM_RAM_DQ:MEM"
Info: Found 1 design units, including 1 entities, in source file db/altsyncram_e1a1.tdf
    Info: Found entity 1: altsyncram_e1a1
Info: Elaborating entity "altsyncram_e1a1" for hierarchy "Memoria:MEM|LPM_RAM_DQ:MEM|altram:sram|altsyncram:ram_block|altsyncram_e1a1:auto_generated"
Warning: 16 out of 256 addresses are uninitialized. The Quartus II software will initialize them to "0". There are 1 warnings found, and 1 warnings are reported.
    Warning: Addresses ranging from 240 to 255 are not initialized
Info: Elaborating entity "Instr_Reg" for hierarchy "Instr_Reg:IR"
Info: Elaborating entity "Banco_reg" for hierarchy "Banco_reg:BRE"
Info: Elaborating entity "Ula32" for hierarchy "Ula32:ALU"
Info: Elaborating entity "SignExtend" for hierarchy "SignExtend:signExtend"
Warning: Net is missing source, defaulting to GND
    Warning (12110): Net "WriteRegister[31]" is missing source, defaulting to GND
    Warning (12110): Net "WriteRegister[30]" is missing source, defaulting to GND
    Warning (12110): Net "WriteRegister[29]" is missing source, defaulting to GND
    Warning (12110): Net "WriteRegister[28]" is missing source, defaulting to GND
    Warning (12110): Net "WriteRegister[27]" is missing source, defaulting to GND
    Warning (12110): Net "WriteRegister[26]" is missing source, defaulting to GND
    Warning (12110): Net "WriteRegister[25]" is missing source, defaulting to GND
    Warning (12110): Net "WriteRegister[24]" is missing source, defaulting to GND
    Warning (12110): Net "WriteRegister[23]" is missing source, defaulting to GND
    Warning (12110): Net "WriteRegister[22]" is missing source, defaulting to GND
    Warning (12110): Net "WriteRegister[21]" is missing source, defaulting to GND
    Warning (12110): Net "WriteRegister[20]" is missing source, defaulting to GND
    Warning (12110): Net "WriteRegister[19]" is missing source, defaulting to GND
    Warning (12110): Net "WriteRegister[18]" is missing source, defaulting to GND
    Warning (12110): Net "WriteRegister[17]" is missing source, defaulting to GND
    Warning (12110): Net "WriteRegister[16]" is missing source, defaulting to GND
    Warning (12110): Net "WriteRegister[15]" is missing source, defaulting to GND
    Warning (12110): Net "WriteRegister[14]" is missing source, defaulting to GND
    Warning (12110): Net "WriteRegister[13]" is missing source, defaulting to GND
    Warning (12110): Net "WriteRegister[12]" is missing source, defaulting to GND
    Warning (12110): Net "WriteRegister[11]" is missing source, defaulting to GND
    Warning (12110): Net "WriteRegister[10]" is missing source, defaulting to GND
    Warning (12110): Net "WriteRegister[9]" is missing source, defaulting to GND
    Warning (12110): Net "WriteRegister[8]" is missing source, defaulting to GND
    Warning (12110): Net "WriteRegister[7]" is missing source, defaulting to GND
    Warning (12110): Net "WriteRegister[6]" is missing source, defaulting to GND
    Warning (12110): Net "WriteRegister[5]" is missing source, defaulting to GND
Warning: Net is missing source, defaulting to GND
    Warning (12110): Net "WriteRegister[31]" is missing source, defaulting to GND
    Warning (12110): Net "WriteRegister[30]" is missing source, defaulting to GND
    Warning (12110): Net "WriteRegister[29]" is missing source, defaulting to GND
    Warning (12110): Net "WriteRegister[28]" is missing source, defaulting to GND
    Warning (12110): Net "WriteRegister[27]" is missing source, defaulting to GND
    Warning (12110): Net "WriteRegister[26]" is missing source, defaulting to GND
    Warning (12110): Net "WriteRegister[25]" is missing source, defaulting to GND
    Warning (12110): Net "WriteRegister[24]" is missing source, defaulting to GND
    Warning (12110): Net "WriteRegister[23]" is missing source, defaulting to GND
    Warning (12110): Net "WriteRegister[22]" is missing source, defaulting to GND
    Warning (12110): Net "WriteRegister[21]" is missing source, defaulting to GND
    Warning (12110): Net "WriteRegister[20]" is missing source, defaulting to GND
    Warning (12110): Net "WriteRegister[19]" is missing source, defaulting to GND
    Warning (12110): Net "WriteRegister[18]" is missing source, defaulting to GND
    Warning (12110): Net "WriteRegister[17]" is missing source, defaulting to GND
    Warning (12110): Net "WriteRegister[16]" is missing source, defaulting to GND
    Warning (12110): Net "WriteRegister[15]" is missing source, defaulting to GND
    Warning (12110): Net "WriteRegister[14]" is missing source, defaulting to GND
    Warning (12110): Net "WriteRegister[13]" is missing source, defaulting to GND
    Warning (12110): Net "WriteRegister[12]" is missing source, defaulting to GND
    Warning (12110): Net "WriteRegister[11]" is missing source, defaulting to GND
    Warning (12110): Net "WriteRegister[10]" is missing source, defaulting to GND
    Warning (12110): Net "WriteRegister[9]" is missing source, defaulting to GND
    Warning (12110): Net "WriteRegister[8]" is missing source, defaulting to GND
    Warning (12110): Net "WriteRegister[7]" is missing source, defaulting to GND
    Warning (12110): Net "WriteRegister[6]" is missing source, defaulting to GND
    Warning (12110): Net "WriteRegister[5]" is missing source, defaulting to GND
Warning: Net is missing source, defaulting to GND
    Warning (12110): Net "WriteRegister[31]" is missing source, defaulting to GND
    Warning (12110): Net "WriteRegister[30]" is missing source, defaulting to GND
    Warning (12110): Net "WriteRegister[29]" is missing source, defaulting to GND
    Warning (12110): Net "WriteRegister[28]" is missing source, defaulting to GND
    Warning (12110): Net "WriteRegister[27]" is missing source, defaulting to GND
    Warning (12110): Net "WriteRegister[26]" is missing source, defaulting to GND
    Warning (12110): Net "WriteRegister[25]" is missing source, defaulting to GND
    Warning (12110): Net "WriteRegister[24]" is missing source, defaulting to GND
    Warning (12110): Net "WriteRegister[23]" is missing source, defaulting to GND
    Warning (12110): Net "WriteRegister[22]" is missing source, defaulting to GND
    Warning (12110): Net "WriteRegister[21]" is missing source, defaulting to GND
    Warning (12110): Net "WriteRegister[20]" is missing source, defaulting to GND
    Warning (12110): Net "WriteRegister[19]" is missing source, defaulting to GND
    Warning (12110): Net "WriteRegister[18]" is missing source, defaulting to GND
    Warning (12110): Net "WriteRegister[17]" is missing source, defaulting to GND
    Warning (12110): Net "WriteRegister[16]" is missing source, defaulting to GND
    Warning (12110): Net "WriteRegister[15]" is missing source, defaulting to GND
    Warning (12110): Net "WriteRegister[14]" is missing source, defaulting to GND
    Warning (12110): Net "WriteRegister[13]" is missing source, defaulting to GND
    Warning (12110): Net "WriteRegister[12]" is missing source, defaulting to GND
    Warning (12110): Net "WriteRegister[11]" is missing source, defaulting to GND
    Warning (12110): Net "WriteRegister[10]" is missing source, defaulting to GND
    Warning (12110): Net "WriteRegister[9]" is missing source, defaulting to GND
    Warning (12110): Net "WriteRegister[8]" is missing source, defaulting to GND
    Warning (12110): Net "WriteRegister[7]" is missing source, defaulting to GND
    Warning (12110): Net "WriteRegister[6]" is missing source, defaulting to GND
    Warning (12110): Net "WriteRegister[5]" is missing source, defaulting to GND
Warning: 2 hierarchies have connectivity warnings - see the Connectivity Checks report folder
Warning: Output pins are stuck at VCC or GND
    Warning (13410): Pin "WriteDataMem[0]" is stuck at GND
    Warning (13410): Pin "WriteDataMem[1]" is stuck at GND
    Warning (13410): Pin "WriteDataMem[2]" is stuck at GND
    Warning (13410): Pin "WriteDataMem[3]" is stuck at GND
    Warning (13410): Pin "WriteDataMem[4]" is stuck at GND
    Warning (13410): Pin "WriteDataMem[5]" is stuck at GND
    Warning (13410): Pin "WriteDataMem[6]" is stuck at GND
    Warning (13410): Pin "WriteDataMem[7]" is stuck at GND
    Warning (13410): Pin "WriteDataMem[8]" is stuck at GND
    Warning (13410): Pin "WriteDataMem[9]" is stuck at GND
    Warning (13410): Pin "WriteDataMem[10]" is stuck at GND
    Warning (13410): Pin "WriteDataMem[11]" is stuck at GND
    Warning (13410): Pin "WriteDataMem[12]" is stuck at GND
    Warning (13410): Pin "WriteDataMem[13]" is stuck at GND
    Warning (13410): Pin "WriteDataMem[14]" is stuck at GND
    Warning (13410): Pin "WriteDataMem[15]" is stuck at GND
    Warning (13410): Pin "WriteDataMem[16]" is stuck at GND
    Warning (13410): Pin "WriteDataMem[17]" is stuck at GND
    Warning (13410): Pin "WriteDataMem[18]" is stuck at GND
    Warning (13410): Pin "WriteDataMem[19]" is stuck at GND
    Warning (13410): Pin "WriteDataMem[20]" is stuck at GND
    Warning (13410): Pin "WriteDataMem[21]" is stuck at GND
    Warning (13410): Pin "WriteDataMem[22]" is stuck at GND
    Warning (13410): Pin "WriteDataMem[23]" is stuck at GND
    Warning (13410): Pin "WriteDataMem[24]" is stuck at GND
    Warning (13410): Pin "WriteDataMem[25]" is stuck at GND
    Warning (13410): Pin "WriteDataMem[26]" is stuck at GND
    Warning (13410): Pin "WriteDataMem[27]" is stuck at GND
    Warning (13410): Pin "WriteDataMem[28]" is stuck at GND
    Warning (13410): Pin "WriteDataMem[29]" is stuck at GND
    Warning (13410): Pin "WriteDataMem[30]" is stuck at GND
    Warning (13410): Pin "WriteDataMem[31]" is stuck at GND
    Warning (13410): Pin "WriteRegister[5]" is stuck at GND
    Warning (13410): Pin "WriteRegister[6]" is stuck at GND
    Warning (13410): Pin "WriteRegister[7]" is stuck at GND
    Warning (13410): Pin "WriteRegister[8]" is stuck at GND
    Warning (13410): Pin "WriteRegister[9]" is stuck at GND
    Warning (13410): Pin "WriteRegister[10]" is stuck at GND
    Warning (13410): Pin "WriteRegister[11]" is stuck at GND
    Warning (13410): Pin "WriteRegister[12]" is stuck at GND
    Warning (13410): Pin "WriteRegister[13]" is stuck at GND
    Warning (13410): Pin "WriteRegister[14]" is stuck at GND
    Warning (13410): Pin "WriteRegister[15]" is stuck at GND
    Warning (13410): Pin "WriteRegister[16]" is stuck at GND
    Warning (13410): Pin "WriteRegister[17]" is stuck at GND
    Warning (13410): Pin "WriteRegister[18]" is stuck at GND
    Warning (13410): Pin "WriteRegister[19]" is stuck at GND
    Warning (13410): Pin "WriteRegister[20]" is stuck at GND
    Warning (13410): Pin "WriteRegister[21]" is stuck at GND
    Warning (13410): Pin "WriteRegister[22]" is stuck at GND
    Warning (13410): Pin "WriteRegister[23]" is stuck at GND
    Warning (13410): Pin "WriteRegister[24]" is stuck at GND
    Warning (13410): Pin "WriteRegister[25]" is stuck at GND
    Warning (13410): Pin "WriteRegister[26]" is stuck at GND
    Warning (13410): Pin "WriteRegister[27]" is stuck at GND
    Warning (13410): Pin "WriteRegister[28]" is stuck at GND
    Warning (13410): Pin "WriteRegister[29]" is stuck at GND
    Warning (13410): Pin "WriteRegister[30]" is stuck at GND
    Warning (13410): Pin "WriteRegister[31]" is stuck at GND
    Warning (13410): Pin "Reg_Desloc[0]" is stuck at GND
    Warning (13410): Pin "Reg_Desloc[1]" is stuck at GND
    Warning (13410): Pin "Reg_Desloc[2]" is stuck at GND
    Warning (13410): Pin "Reg_Desloc[3]" is stuck at GND
    Warning (13410): Pin "Reg_Desloc[4]" is stuck at GND
    Warning (13410): Pin "Reg_Desloc[5]" is stuck at GND
    Warning (13410): Pin "Reg_Desloc[6]" is stuck at GND
    Warning (13410): Pin "Reg_Desloc[7]" is stuck at GND
    Warning (13410): Pin "Reg_Desloc[8]" is stuck at GND
    Warning (13410): Pin "Reg_Desloc[9]" is stuck at GND
    Warning (13410): Pin "Reg_Desloc[10]" is stuck at GND
    Warning (13410): Pin "Reg_Desloc[11]" is stuck at GND
    Warning (13410): Pin "Reg_Desloc[12]" is stuck at GND
    Warning (13410): Pin "Reg_Desloc[13]" is stuck at GND
    Warning (13410): Pin "Reg_Desloc[14]" is stuck at GND
    Warning (13410): Pin "Reg_Desloc[15]" is stuck at GND
    Warning (13410): Pin "Reg_Desloc[16]" is stuck at GND
    Warning (13410): Pin "Reg_Desloc[17]" is stuck at GND
    Warning (13410): Pin "Reg_Desloc[18]" is stuck at GND
    Warning (13410): Pin "Reg_Desloc[19]" is stuck at GND
    Warning (13410): Pin "Reg_Desloc[20]" is stuck at GND
    Warning (13410): Pin "Reg_Desloc[21]" is stuck at GND
    Warning (13410): Pin "Reg_Desloc[22]" is stuck at GND
    Warning (13410): Pin "Reg_Desloc[23]" is stuck at GND
    Warning (13410): Pin "Reg_Desloc[24]" is stuck at GND
    Warning (13410): Pin "Reg_Desloc[25]" is stuck at GND
    Warning (13410): Pin "Reg_Desloc[26]" is stuck at GND
    Warning (13410): Pin "Reg_Desloc[27]" is stuck at GND
    Warning (13410): Pin "Reg_Desloc[28]" is stuck at GND
    Warning (13410): Pin "Reg_Desloc[29]" is stuck at GND
    Warning (13410): Pin "Reg_Desloc[30]" is stuck at GND
    Warning (13410): Pin "Reg_Desloc[31]" is stuck at GND
    Warning (13410): Pin "wr" is stuck at GND
    Warning (13410): Pin "EPC[0]" is stuck at GND
    Warning (13410): Pin "EPC[1]" is stuck at GND
    Warning (13410): Pin "EPC[2]" is stuck at GND
    Warning (13410): Pin "EPC[3]" is stuck at GND
    Warning (13410): Pin "EPC[4]" is stuck at GND
    Warning (13410): Pin "EPC[5]" is stuck at GND
    Warning (13410): Pin "EPC[6]" is stuck at GND
    Warning (13410): Pin "EPC[7]" is stuck at GND
    Warning (13410): Pin "EPC[8]" is stuck at GND
    Warning (13410): Pin "EPC[9]" is stuck at GND
    Warning (13410): Pin "EPC[10]" is stuck at GND
    Warning (13410): Pin "EPC[11]" is stuck at GND
    Warning (13410): Pin "EPC[12]" is stuck at GND
    Warning (13410): Pin "EPC[13]" is stuck at GND
    Warning (13410): Pin "EPC[14]" is stuck at GND
    Warning (13410): Pin "EPC[15]" is stuck at GND
    Warning (13410): Pin "EPC[16]" is stuck at GND
    Warning (13410): Pin "EPC[17]" is stuck at GND
    Warning (13410): Pin "EPC[18]" is stuck at GND
    Warning (13410): Pin "EPC[19]" is stuck at GND
    Warning (13410): Pin "EPC[20]" is stuck at GND
    Warning (13410): Pin "EPC[21]" is stuck at GND
    Warning (13410): Pin "EPC[22]" is stuck at GND
    Warning (13410): Pin "EPC[23]" is stuck at GND
    Warning (13410): Pin "EPC[24]" is stuck at GND
    Warning (13410): Pin "EPC[25]" is stuck at GND
    Warning (13410): Pin "EPC[26]" is stuck at GND
    Warning (13410): Pin "EPC[27]" is stuck at GND
    Warning (13410): Pin "EPC[28]" is stuck at GND
    Warning (13410): Pin "EPC[29]" is stuck at GND
    Warning (13410): Pin "EPC[30]" is stuck at GND
    Warning (13410): Pin "EPC[31]" is stuck at GND
    Warning (13410): Pin "mul_Module[0]" is stuck at GND
    Warning (13410): Pin "mul_Module[1]" is stuck at GND
    Warning (13410): Pin "mul_Module[2]" is stuck at GND
    Warning (13410): Pin "mul_Module[3]" is stuck at GND
    Warning (13410): Pin "mul_Module[4]" is stuck at GND
    Warning (13410): Pin "mul_Module[5]" is stuck at GND
    Warning (13410): Pin "mul_Module[6]" is stuck at GND
    Warning (13410): Pin "mul_Module[7]" is stuck at GND
    Warning (13410): Pin "mul_Module[8]" is stuck at GND
    Warning (13410): Pin "mul_Module[9]" is stuck at GND
    Warning (13410): Pin "mul_Module[10]" is stuck at GND
    Warning (13410): Pin "mul_Module[11]" is stuck at GND
    Warning (13410): Pin "mul_Module[12]" is stuck at GND
    Warning (13410): Pin "mul_Module[13]" is stuck at GND
    Warning (13410): Pin "mul_Module[14]" is stuck at GND
    Warning (13410): Pin "mul_Module[15]" is stuck at GND
    Warning (13410): Pin "mul_Module[16]" is stuck at GND
    Warning (13410): Pin "mul_Module[17]" is stuck at GND
    Warning (13410): Pin "mul_Module[18]" is stuck at GND
    Warning (13410): Pin "mul_Module[19]" is stuck at GND
    Warning (13410): Pin "mul_Module[20]" is stuck at GND
    Warning (13410): Pin "mul_Module[21]" is stuck at GND
    Warning (13410): Pin "mul_Module[22]" is stuck at GND
    Warning (13410): Pin "mul_Module[23]" is stuck at GND
    Warning (13410): Pin "mul_Module[24]" is stuck at GND
    Warning (13410): Pin "mul_Module[25]" is stuck at GND
    Warning (13410): Pin "mul_Module[26]" is stuck at GND
    Warning (13410): Pin "mul_Module[27]" is stuck at GND
    Warning (13410): Pin "mul_Module[28]" is stuck at GND
    Warning (13410): Pin "mul_Module[29]" is stuck at GND
    Warning (13410): Pin "mul_Module[30]" is stuck at GND
    Warning (13410): Pin "mul_Module[31]" is stuck at GND
    Warning (13410): Pin "aluop[1]" is stuck at GND
    Warning (13410): Pin "aluop[2]" is stuck at GND
Info: 6 registers lost all their fanouts during netlist optimizations. The first 6 are displayed below.
    Info: Register "Control:control|st~3" lost all its fanouts during netlist optimizations.
    Info: Register "Control:control|st~4" lost all its fanouts during netlist optimizations.
    Info: Register "Control:control|st~5" lost all its fanouts during netlist optimizations.
    Info: Register "Control:control|st~6" lost all its fanouts during netlist optimizations.
    Info: Register "Control:control|st~7" lost all its fanouts during netlist optimizations.
    Info: Register "Control:control|st~8" lost all its fanouts during netlist optimizations.
Info: Generated suppressed messages file C:/Users/bah/Desktop/HW/hw.map.smsg
Info: Implemented 3506 device resources after synthesis - the final resource count might be different
    Info: Implemented 2 input pins
    Info: Implemented 535 output pins
    Info: Implemented 2937 logic cells
    Info: Implemented 32 RAM segments
Info: Quartus II Analysis & Synthesis was successful. 0 errors, 267 warnings
    Info: Peak virtual memory: 259 megabytes
    Info: Processing ended: Sun Apr 15 16:27:13 2018
    Info: Elapsed time: 00:00:10
    Info: Total CPU time (on all processors): 00:00:21


+------------------------------------------+
; Analysis & Synthesis Suppressed Messages ;
+------------------------------------------+
The suppressed messages can be found in C:/Users/bah/Desktop/HW/hw.map.smsg.


