--------------------------------------------------------------------------------------
Timing Analyzer Summary
--------------------------------------------------------------------------------------

Type           : Worst-case tco
Slack          : N/A
Required Time  : None
Actual Time    : 16.487 ns
From           : Control:control|AluSrcB[0]
To             : Alu[28]
From Clock     : Clock
To Clock       : --
Failed Paths   : 0

Type           : Clock Setup: 'Clock'
Slack          : N/A
Required Time  : None
Actual Time    : 120.12 MHz ( period = 8.325 ns )
From           : Control:control|AluSrcB[0]
To             : Registrador:PCR|Saida[31]
From Clock     : Clock
To Clock       : Clock
Failed Paths   : 0

Type           : Total number of failed paths
Slack          : 
Required Time  : 
Actual Time    : 
From           : 
To             : 
From Clock     : 
To Clock       : 
Failed Paths   : 0

--------------------------------------------------------------------------------------

